Component: ARM Compiler 5.06 update 7 (build 960) Tool: armlink [4d3601]

==============================================================================

Section Cross References

    stm32f10x_it.o(.text) refers to usart.o(.text) for UsartPrintf
    system_stm32f10x.o(.text) refers to system_stm32f10x.o(.data) for SystemCoreClock
    startup_stm32f10x_hd.o(STACK) refers (Special) to heapauxi.o(.text) for __use_two_region_memory
    startup_stm32f10x_hd.o(HEAP) refers (Special) to heapauxi.o(.text) for __use_two_region_memory
    startup_stm32f10x_hd.o(RESET) refers (Special) to heapauxi.o(.text) for __use_two_region_memory
    startup_stm32f10x_hd.o(RESET) refers to startup_stm32f10x_hd.o(STACK) for __initial_sp
    startup_stm32f10x_hd.o(RESET) refers to startup_stm32f10x_hd.o(.text) for Reset_Handler
    startup_stm32f10x_hd.o(RESET) refers to stm32f10x_it.o(.text) for NMI_Handler
    startup_stm32f10x_hd.o(RESET) refers to usart.o(.text) for USART1_IRQHandler
    startup_stm32f10x_hd.o(RESET) refers to esp8266.o(.text) for USART2_IRQHandler
    startup_stm32f10x_hd.o(.text) refers (Special) to heapauxi.o(.text) for __use_two_region_memory
    startup_stm32f10x_hd.o(.text) refers to system_stm32f10x.o(.text) for SystemInit
    startup_stm32f10x_hd.o(.text) refers to __main.o(!!!main) for __main
    startup_stm32f10x_hd.o(.text) refers to startup_stm32f10x_hd.o(HEAP) for Heap_Mem
    startup_stm32f10x_hd.o(.text) refers to startup_stm32f10x_hd.o(STACK) for Stack_Mem
    stm32f10x_gpio.o(.text) refers to stm32f10x_rcc.o(.text) for RCC_APB2PeriphResetCmd
    stm32f10x_rcc.o(.text) refers to stm32f10x_rcc.o(.data) for APBAHBPrescTable
    stm32f10x_usart.o(.text) refers to stm32f10x_rcc.o(.text) for RCC_APB2PeriphResetCmd
    beep.o(.text) refers to stm32f10x_gpio.o(.text) for GPIO_WriteBit
    beep.o(.text) refers to stm32f10x_rcc.o(.text) for RCC_APB2PeriphClockCmd
    beep.o(.text) refers to beep.o(.data) for beep_info
    delay.o(.text) refers to delay.o(.data) for UsCount
    usart.o(.text) refers to stm32f10x_rcc.o(.text) for RCC_APB2PeriphClockCmd
    usart.o(.text) refers to stm32f10x_gpio.o(.text) for GPIO_Init
    usart.o(.text) refers to stm32f10x_usart.o(.text) for USART_Init
    usart.o(.text) refers to misc.o(.text) for NVIC_Init
    usart.o(.text) refers to c89vsnprintf.o(.text) for __c89vsnprintf
    i2c.o(.text) refers to stm32f10x_rcc.o(.text) for RCC_APB2PeriphClockCmd
    i2c.o(.text) refers to stm32f10x_gpio.o(.text) for GPIO_Init
    i2c.o(.text) refers to delay.o(.text) for DelayUs
    i2c.o(.text) refers to usart.o(.text) for UsartPrintf
    i2c.o(.text) refers to i2c.o(.data) for iic_info
    sht20.o(.text) refers to i2c.o(.text) for I2C_WriteByte
    sht20.o(.text) refers to fflt_clz.o(x$fpl$ffltu) for __aeabi_ui2f
    sht20.o(.text) refers to f2d.o(x$fpl$f2d) for __aeabi_f2d
    sht20.o(.text) refers to dmul.o(x$fpl$dmul) for __aeabi_dmul
    sht20.o(.text) refers to ddiv.o(x$fpl$ddiv) for __aeabi_ddiv
    sht20.o(.text) refers to daddsub_clz.o(x$fpl$dadd) for __aeabi_dadd
    sht20.o(.text) refers to d2f.o(x$fpl$d2f) for __aeabi_d2f
    sht20.o(.text) refers to daddsub_clz.o(x$fpl$dsub) for __aeabi_dsub
    sht20.o(.text) refers to delay.o(.text) for DelayXms
    sht20.o(.text) refers to ffixu.o(x$fpl$ffixu) for __aeabi_f2uiz
    sht20.o(.text) refers to sht20.o(.data) for sht20_info
    main.o(.text) refers to misc.o(.text) for NVIC_PriorityGroupConfig
    main.o(.text) refers to delay.o(.text) for Delay_Init
    main.o(.text) refers to usart.o(.text) for Usart1_Init
    main.o(.text) refers to i2c.o(.text) for IIC_Init
    main.o(.text) refers to beep.o(.text) for Beep_Init
    main.o(.text) refers to esp8266.o(.text) for ESP8266_Init
    main.o(.text) refers to onenet.o(.text) for OneNet_DevLink
    main.o(.text) refers to sht20.o(.text) for SHT20_GetValue
    onenet.o(.text) refers to _printf_percent.o(.ARM.Collect$$_printf_percent$$00000000) for _printf_percent
    onenet.o(.text) refers to _printf_f.o(.ARM.Collect$$_printf_percent$$00000003) for _printf_f
    onenet.o(.text) refers to printf1.o(x$fpl$printf1) for _printf_fp_dec
    onenet.o(.text) refers to usart.o(.text) for UsartPrintf
    onenet.o(.text) refers to mqttkit.o(.text) for MQTT_PacketConnect
    onenet.o(.text) refers to esp8266.o(.text) for ESP8266_SendData
    onenet.o(.text) refers to rt_memclr_w.o(.text) for __aeabi_memclr4
    onenet.o(.text) refers to strcpy.o(.text) for strcpy
    onenet.o(.text) refers to f2d.o(x$fpl$f2d) for __aeabi_f2d
    onenet.o(.text) refers to __2sprintf.o(.text) for __2sprintf
    onenet.o(.text) refers to strcat.o(.text) for strcat
    onenet.o(.text) refers to strlen.o(.text) for strlen
    onenet.o(.text) refers to strchr.o(.text) for strchr
    onenet.o(.text) refers to strstr.o(.text) for strstr
    onenet.o(.text) refers to beep.o(.text) for Beep_Set
[...]
    .text                                    0x0800450c   Section        0  defsig_rtmem_outer.o(.text)
    .text                                    0x0800451a   Section        2  use_no_semi.o(.text)
    .text                                    0x0800451c   Section       74  sys_stackheap_outer.o(.text)
    .text                                    0x0800451c   Section        0  indicate_semi.o(.text)
    .text                                    0x08004566   Section        0  _chval.o(.text)
    .text                                    0x08004582   Section        0  exit.o(.text)
    .text                                    0x08004594   Section        0  defsig_exit.o(.text)
    .text                                    0x080045a0   Section        0  defsig_rtmem_inner.o(.text)
    .text                                    0x080045f0   Section      128  strcmpv7m.o(.text)
    .text                                    0x08004670   Section        0  sys_exit.o(.text)
    .text                                    0x0800467c   Section        0  defsig_general.o(.text)
    .text                                    0x080046ae   Section        0  sys_wrch.o(.text)
    CL$$btod_d2e                             0x080046bc   Section       62  btod.o(CL$$btod_d2e)
    CL$$btod_d2e_denorm_low                  0x080046fa   Section       70  btod.o(CL$$btod_d2e_denorm_low)
    CL$$btod_d2e_norm_op1                    0x08004740   Section       96  btod.o(CL$$btod_d2e_norm_op1)
    CL$$btod_div_common                      0x080047a0   Section      824  btod.o(CL$$btod_div_common)
    CL$$btod_e2e                             0x08004ad8   Section      220  btod.o(CL$$btod_e2e)
    CL$$btod_ediv                            0x08004bb4   Section       42  btod.o(CL$$btod_ediv)
    CL$$btod_emul                            0x08004bde   Section       42  btod.o(CL$$btod_emul)
    CL$$btod_mult_common                     0x08004c08   Section      580  btod.o(CL$$btod_mult_common)
    i.__ARM_fpclassify                       0x08004e4c   Section        0  fpclassify.o(i.__ARM_fpclassify)
    i._is_digit                              0x08004e74   Section        0  __printf_wp.o(i._is_digit)
    locale$$code                             0x08004e84   Section       44  lc_numeric_c.o(locale$$code)
    locale$$code                             0x08004eb0   Section       44  lc_ctype_c.o(locale$$code)
    x$fpl$d2f                                0x08004edc   Section       98  d2f.o(x$fpl$d2f)
    x$fpl$dadd                               0x08004f40   Section      336  daddsub_clz.o(x$fpl$dadd)
    _dadd1                                   0x08004f51   Thumb Code     0  daddsub_clz.o(x$fpl$dadd)
    x$fpl$ddiv                               0x08005090   Section      688  ddiv.o(x$fpl$ddiv)
    ddiv_entry                               0x08005097   Thumb Code     0  ddiv.o(x$fpl$ddiv)
    x$fpl$dmul                               0x08005340   Section      340  dmul.o(x$fpl$dmul)
    x$fpl$dnaninf                            0x08005494   Section      156  dnaninf.o(x$fpl$dnaninf)
    x$fpl$dretinf                            0x08005530   Section       12  dretinf.o(x$fpl$dretinf)
    x$fpl$dsub                               0x0800553c   Section      468  daddsub_clz.o(x$fpl$dsub)
    _dsub1                                   0x0800554d   Thumb Code     0  daddsub_clz.o(x$fpl$dsub)
    x$fpl$f2d                                0x08005710   Section       86  f2d.o(x$fpl$f2d)
    x$fpl$ffixu                              0x08005768   Section       62  ffixu.o(x$fpl$ffixu)
    x$fpl$ffltu                              0x080057a8   Section       38  fflt_clz.o(x$fpl$ffltu)
    x$fpl$fnaninf                            0x080057ce   Section      140  fnaninf.o(x$fpl$fnaninf)
    x$fpl$fretinf                            0x0800585a   Section       10  fretinf.o(x$fpl$fretinf)
    x$fpl$printf1                            0x08005864   Section        4  printf1.o(x$fpl$printf1)
    .constdata                               0x08005868   Section       17  __printf_flags_ss_wp.o(.constdata)
    x$fpl$usenofp                            0x08005868   Section        0  usenofp.o(x$fpl$usenofp)
    maptable                                 0x08005868   Data          17  __printf_flags_ss_wp.o(.constdata)
    .constdata                               0x0800587c   Section        8  _printf_wctomb.o(.constdata)
    initial_mbstate                          0x0800587c   Data           8  _printf_wctomb.o(.constdata)
    .constdata                               0x08005884   Section       40  _printf_hex_int_ll_ptr.o(.constdata)
    uc_hextab                                0x08005884   Data          20  _printf_hex_int_ll_ptr.o(.constdata)
    lc_hextab                                0x08005898   Data          20  _printf_hex_int_ll_ptr.o(.constdata)
    .constdata                               0x080058ac   Section      148  bigflt0.o(.constdata)
    tenpwrs_x                                0x080058ac   Data          60  bigflt0.o(.constdata)
    tenpwrs_i                                0x080058e8   Data          64  bigflt0.o(.constdata)
    locale$$data                             0x08005960   Section       28  lc_numeric_c.o(locale$$data)
    __lcnum_c_name                           0x08005964   Data           2  lc_numeric_c.o(locale$$data)
    __lcnum_c_start                          0x0800596c   Data           0  lc_numeric_c.o(locale$$data)
    __lcnum_c_point                          0x08005978   Data           0  lc_numeric_c.o(locale$$data)
    __lcnum_c_thousands                      0x0800597a   Data           0  lc_numeric_c.o(locale$$data)
    __lcnum_c_grouping                       0x0800597b   Data           0  lc_numeric_c.o(locale$$data)
    locale$$data                             0x0800597c   Section      272  lc_ctype_c.o(locale$$data)
    __lcnum_c_end                            0x0800597c   Data           0  lc_numeric_c.o(locale$$data)
    __lcctype_c_name                         0x08005980   Data           2  lc_ctype_c.o(locale$$data)
    __lcctype_c_start                        0x08005988   Data           0  lc_ctype_c.o(locale$$data)
    __lcctype_c_end                          0x08005a8c   Data           0  lc_ctype_c.o(locale$$data)
    .data                                    0x20000000   Section       20  system_stm32f10x.o(.data)
    .data                                    0x20000014   Section       20  stm32f10x_rcc.o(.data)
    APBAHBPrescTable                         0x20000014   Data          16  stm32f10x_rcc.o(.data)
    ADCPrescTable                            0x20000024   Data           4  stm32f10x_rcc.o(.data)
    .data                                    0x20000028   Section        1  beep.o(.data)
    .data                                    0x2000002a   Section        4  delay.o(.data)
    .data                                    0x2000002e   Section        2  i2c.o(.data)
    .data                                    0x20000030   Section        8  sht20.o(.data)
    .data                                    0x20000038   Section        4  esp8266.o(.data)
    .bss                                     0x2000003c   Section      128  esp8266.o(.bss)
    .bss                                     0x200000bc   Section       96  libspace.o(.bss)
    HEAP                                     0x20000120   Section     1024  startup_stm32f10x_hd.o(HEAP)
    Heap_Mem                                 0x20000120   Data        1024  startup_stm32f10x_hd.o(HEAP)
    STACK                                    0x20000520   Section     1024  startup_stm32f10x_hd.o(STACK)
    Stack_Mem                                0x20000520   Data        1024  startup_stm32f10x_hd.o(STACK)
    __initial_sp                             0x20000920   Data           0  startup_stm32f10x_hd.o(STACK)

    Global Symbols

    Symbol Name                              Value     Ov Type        Size  Object(Section)

    BuildAttributes$$THM_ISAv4$P$D$K$B$S$PE$A:L22UL41UL21$X:L11$S22US41US21$IEEE1$IW$USESV6$~STKCKD$USESV7$~SHL$OTIME$ROPI$IEEEJ$EBA8$UX$STANDARDLIB$REQ8$PRES8$EABIv2 0x00000000   Number         0  anon$$obj.o ABSOLUTE
    __ARM_use_no_argv                        0x00000000   Number         0  main.o ABSOLUTE
    _printf_flags                            0x00000000   Number         0  printf_stubs.o ABSOLUTE
    _printf_return_value                     0x00000000   Number         0  printf_stubs.o ABSOLUTE
    _printf_sizespec                         0x00000000   Number         0  printf_stubs.o ABSOLUTE
    _printf_widthprec                        0x00000000   Number         0  printf_stubs.o ABSOLUTE
    __ARM_exceptions_init                     - Undefined Weak Reference
    __alloca_initialize                       - Undefined Weak Reference
    __arm_fini_                               - Undefined Weak Reference
    __arm_preinit_                            - Undefined Weak Reference
    __cpp_initialize__aeabi_                  - Undefined Weak Reference
    __cxa_finalize                            - Undefined Weak Reference
    __sigvec_lookup                           - Undefined Weak Reference
    __user_heap_extent                        - Undefined Weak Reference
    _atexit_init                              - Undefined Weak Reference
    _call_atexit_fns                          - Undefined Weak Reference
    _clock_init                               - Undefined Weak Reference
    _fp_trap_init                             - Undefined Weak Reference
    _fp_trap_shutdown                         - Undefined Weak Reference
    _get_lc_collate                           - Undefined Weak Reference
    _get_lc_monetary                          - Undefined Weak Reference
    _get_lc_time                              - Undefined Weak Reference
    _getenv_init                              - Undefined Weak Reference
    _handle_redirection                       - Undefined Weak Reference
    _initio                                   - Undefined Weak Reference
    _mutex_acquire                            - Undefined Weak Reference
    _mutex_free                               - Undefined Weak Reference
    _mutex_release                            - Undefined Weak Reference
    _printf_fp_hex                            - Undefined Weak Reference
    _printf_mbtowc                            - Undefined Weak Reference
    _printf_wc                                - Undefined Weak Reference
    _rand_init                                - Undefined Weak Reference
    _signal_finish                            - Undefined Weak Reference
    _signal_init                              - Undefined Weak Reference
    _terminateio                              - Undefined Weak Reference
    __Vectors_Size                           0x00000130   Number         0  startup_stm32f10x_hd.o ABSOLUTE
    __Vectors                                0x08000000   Data           4  startup_stm32f10x_hd.o(RESET)
    __Vectors_End                            0x08000130   Data           0  startup_stm32f10x_hd.o(RESET)
    __main                                   0x08000131   Thumb Code     8  __main.o(!!!main)
    __scatterload                            0x08000139   Thumb Code     0  __scatter.o(!!!scatter)
    __scatterload_rt2                        0x08000139   Thumb Code    44  __scatter.o(!!!scatter)
    __scatterload_rt2_thumb_only             0x08000139   Thumb Code     0  __scatter.o(!!!scatter)
    __scatterload_null                       0x08000147   Thumb Code     0  __scatter.o(!!!scatter)
    __scatterload_copy                       0x0800016d   Thumb Code    26  __scatter_copy.o(!!handler_copy)
    __scatterload_zeroinit                   0x08000189   Thumb Code    28  __scatter_zi.o(!!handler_zi)
    _printf_n                                0x080001a5   Thumb Code     0  _printf_n.o(.ARM.Collect$$_printf_percent$$00000001)
    _printf_percent                          0x080001a5   Thumb Code     0  _printf_percent.o(.ARM.Collect$$_printf_percent$$00000000)
    _printf_p                                0x080001ab   Thumb Code     0  _printf_p.o(.ARM.Collect$$_printf_percent$$00000002)
    _printf_f                                0x080001b1   Thumb Code     0  _printf_f.o(.ARM.Collect$$_printf_percent$$00000003)
    _printf_e                                0x080001b7   Thumb Code     0  _printf_e.o(.ARM.Collect$$_printf_percent$$00000004)
    _printf_g                                0x080001bd   Thumb Code     0  _printf_g.o(.ARM.Collect$$_printf_percent$$00000005)
    _printf_a                                0x080001c3   Thumb Code     0  _printf_a.o(.ARM.Collect$$_printf_percent$$00000006)
    _printf_ll                               0x080001c9   Thumb Code     0  _printf_ll.o(.ARM.Collect$$_printf_percent$$00000007)
    _printf_i                                0x080001d3   Thumb Code     0  _printf_i.o(.ARM.Collect$$_printf_percent$$00000008)
    _printf_d                                0x080001d9   Thumb Code     0  _printf_d.o(.ARM.Collect$$_printf_percent$$00000009)
    _printf_u                                0x080001df   Thumb Code     0  _printf_u.o(.ARM.Collect$$_printf_percent$$0000000A)
    _printf_o                                0x080001e5   Thumb Code     0  _printf_o.o(.ARM.Collect$$_printf_percent$$0000000B)
    _printf_x                                0x080001eb   Thumb Code     0  _printf_x.o(.ARM.Collect$$_printf_percent$$0000000C)
    _printf_lli                              0x080001f1   Thumb Code     0  _printf_lli.o(.ARM.Collect$$_printf_percent$$0000000D)
    _printf_lld                              0x080001f7   Thumb Code     0  _printf_lld.o(.ARM.Collect$$_printf_percent$$0000000E)
    _printf_llu                              0x080001fd   Thumb Code     0  _printf_llu.o(.ARM.Collect$$_printf_percent$$0000000F)
    _printf_llo                              0x08000203   Thumb Code     0  _printf_llo.o(.ARM.Collect$$_printf_percent$$00000010)
    _printf_llx                              0x08000209   Thumb Code     0  _printf_llx.o(.ARM.Collect$$_printf_percent$$00000011)
    _printf_l                                0x0800020f   Thumb Code     0  _printf_l.o(.ARM.Collect$$_printf_percent$$00000012)
    _printf_c                                0x08000219   Thumb Code     0  _printf_c.o(.ARM.Collect$$_printf_percent$$00000013)
    _printf_s                                0x0800021f   Thumb Code     0  _printf_s.o(.ARM.Collect$$_printf_percent$$00000014)
    _printf_lc                               0x08000225   Thumb Code     0  _printf_lc.o(.ARM.Collect$$_printf_percent$$00000015)
    _printf_ls                               0x0800022b   Thumb Code     0  _printf_ls.o(.ARM.Collect$$_printf_percent$$00000016)
    _printf_percent_end                      0x08000231   Thumb Code     0  _printf_percent_end.o(.ARM.Collect$$_printf_percent$$00000017)
    __rt_lib_init                            0x08000235   Thumb Code     0  libinit.o(.ARM.Collect$$libinit$$00000000)
    __rt_lib_init_fp_1                       0x08000237   Thumb Code     0  libinit2.o(.ARM.Collect$$libinit$$00000002)
    __rt_lib_init_heap_2                     0x08000237   Thumb Code     0  libinit2.o(.ARM.Collect$$libinit$$00000005)
    __rt_lib_init_preinit_1                  0x08000237   Thumb Code     0  libinit2.o(.ARM.Collect$$libinit$$00000004)
    __rt_lib_init_heap_1                     0x0800023f   Thumb Code     0  libinit2.o(.ARM.Collect$$libinit$$0000000A)
    __rt_lib_init_lc_common                  0x0800023f   Thumb Code     0  libinit2.o(.ARM.Collect$$libinit$$0000000F)
    __rt_lib_init_rand_1                     0x0800023f   Thumb Code     0  libinit2.o(.ARM.Collect$$libinit$$0000000E)
    __rt_lib_init_user_alloc_1               0x0800023f   Thumb Code     0  libinit2.o(.ARM.Collect$$libinit$$0000000C)
    __rt_lib_init_lc_collate_1               0x08000245   Thumb Code     0  libinit2.o(.ARM.Collect$$libinit$$00000011)
    __rt_lib_init_lc_ctype_2                 0x08000245   Thumb Code     0  libinit2.o(.ARM.Collect$$libinit$$00000012)
    __rt_lib_init_lc_ctype_1                 0x08000251   Thumb Code     0  libinit2.o(.ARM.Collect$$libinit$$00000013)
    __rt_lib_init_lc_monetary_1              0x08000251   Thumb Code     0  libinit2.o(.ARM.Collect$$libinit$$00000015)
    __rt_lib_init_lc_numeric_2               0x08000251   Thumb Code     0  libinit2.o(.ARM.Collect$$libinit$$00000016)
    __rt_lib_init_alloca_1                   0x0800025b   Thumb Code     0  libinit2.o(.ARM.Collect$$libinit$$0000002E)
    __rt_lib_init_argv_1                     0x0800025b   Thumb Code     0  libinit2.o(.ARM.Collect$$libinit$$0000002C)
    __rt_lib_init_atexit_1                   0x0800025b   Thumb Code     0  libinit2.o(.ARM.Collect$$libinit$$0000001B)
    __rt_lib_init_clock_1                    0x0800025b   Thumb Code     0  libinit2.o(.ARM.Collect$$libinit$$00000021)
    __rt_lib_init_cpp_1                      0x0800025b   Thumb Code     0  libinit2.o(.ARM.Collect$$libinit$$00000032)
    __rt_lib_init_exceptions_1               0x0800025b   Thumb Code     0  libinit2.o(.ARM.Collect$$libinit$$00000030)
    __rt_lib_init_fp_trap_1                  0x0800025b   Thumb Code     0  libinit2.o(.ARM.Collect$$libinit$$0000001F)
    __rt_lib_init_getenv_1                   0x0800025b   Thumb Code     0  libinit2.o(.ARM.Collect$$libinit$$00000023)
    __rt_lib_init_lc_numeric_1               0x0800025b   Thumb Code     0  libinit2.o(.ARM.Collect$$libinit$$00000017)
    __rt_lib_init_lc_time_1                  0x0800025b   Thumb Code     0  libinit2.o(.ARM.Collect$$libinit$$00000019)
    __rt_lib_init_return                     0x0800025b   Thumb Code     0  libinit2.o(.ARM.Collect$$libinit$$00000033)
    __rt_lib_init_signal_1                   0x0800025b   Thumb Code     0  libinit2.o(.ARM.Collect$$libinit$$0000001D)
    __rt_lib_init_stdio_1                    0x0800025b   Thumb Code     0  libinit2.o(.ARM.Collect$$libinit$$00000025)
    __rt_lib_shutdown                        0x0800025d   Thumb Code     0  libshutdown.o(.ARM.Collect$$libshutdown$$00000000)
    __rt_lib_shutdown_cpp_1                  0x0800025f   Thumb Code     0  libshutdown2.o(.ARM.Collect$$libshutdown$$00000004)
    __rt_lib_shutdown_fini_1                 0x0800025f   Thumb Code     0  libshutdown2.o(.ARM.Collect$$libshutdown$$00000002)
    __rt_lib_shutdown_fp_trap_1              0x0800025f   Thumb Code     0  libshutdown2.o(.ARM.Collect$$libshutdown$$00000009)
    __rt_lib_shutdown_heap_1                 0x0800025f   Thumb Code     0  libshutdown2.o(.ARM.Collect$$libshutdown$$00000011)
    __rt_lib_shutdown_return                 0x0800025f   Thumb Code     0  libshutdown2.o(.ARM.Collect$$libshutdown$$00000012)
    __rt_lib_shutdown_signal_1               0x0800025f   Thumb Code     0  libshutdown2.o(.ARM.Collect$$libshutdown$$0000000C)
    __rt_lib_shutdown_stdio_1                0x0800025f   Thumb Code     0  libshutdown2.o(.ARM.Collect$$libshutdown$$00000006)
    __rt_lib_shutdown_user_alloc_1           0x0800025f   Thumb Code     0  libshutdown2.o(.ARM.Collect$$libshutdown$$0000000E)
    __rt_entry                               0x08000261   Thumb Code     0  __rtentry.o(.ARM.Collect$$rtentry$$00000000)
    __rt_entry_presh_1                       0x08000261   Thumb Code     0  __rtentry2.o(.ARM.Collect$$rtentry$$00000002)
    __rt_entry_sh                            0x08000261   Thumb Code     0  __rtentry4.o(.ARM.Collect$$rtentry$$00000004)
    __rt_entry_li                            0x08000267   Thumb Code     0  __rtentry2.o(.ARM.Collect$$rtentry$$0000000A)
    __rt_entry_postsh_1                      0x08000267   Thumb Code     0  __rtentry2.o(.ARM.Collect$$rtentry$$00000009)
    __rt_entry_main                          0x0800026b   Thumb Code     0  __rtentry2.o(.ARM.Collect$$rtentry$$0000000D)
    __rt_entry_postli_1                      0x0800026b   Thumb Code     0  __rtentry2.o(.ARM.Collect$$rtentry$$0000000C)
    __rt_exit                                0x08000273   Thumb Code     0  rtexit.o(.ARM.Collect$$rtexit$$00000000)
    __rt_exit_ls                             0x08000275   Thumb Code     0  rtexit2.o(.ARM.Collect$$rtexit$$00000003)
    __rt_exit_prels_1                        0x08000275   Thumb Code     0  rtexit2.o(.ARM.Collect$$rtexit$$00000002)
    __rt_exit_exit                           0x08000279   Thumb Code     0  rtexit2.o(.ARM.Collect$$rtexit$$00000004)
    NMI_Handler                              0x08000281   Thumb Code     2  stm32f10x_it.o(.text)
    _maybe_terminate_alloc                   0x08000281   Thumb Code     0  maybetermalloc1.o(.emb_text)
    HardFault_Handler                        0x08000283   Thumb Code    12  stm32f10x_it.o(.text)
    MemManage_Handler                        0x0800028f   Thumb Code    12  stm32f10x_it.o(.text)
    BusFault_Handler                         0x0800029b   Thumb Code    12  stm32f10x_it.o(.text)
    UsageFault_Handler                       0x080002a7   Thumb Code    12  stm32f10x_it.o(.text)
    SVC_Handler                              0x080002b3   Thumb Code     2  stm32f10x_it.o(.text)
    DebugMon_Handler                         0x080002b5   Thumb Code     2  stm32f10x_it.o(.text)
    SysTick_Handler                          0x080002b7   Thumb Code     2  stm32f10x_it.o(.text)
    EXTI0_IRQHandler                         0x080002b9   Thumb Code     2  stm32f10x_it.o(.text)
    RTC_IRQHandler                           0x080002bb   Thumb Code     2  stm32f10x_it.o(.text)
    SystemInit                               0x08000493   Thumb Code    78  system_stm32f10x.o(.text)
    SystemCoreClockUpdate                    0x080004e1   Thumb Code   142  system_stm32f10x.o(.text)
    Reset_Handler                            0x0800059d   Thumb Code     8  startup_stm32f10x_hd.o(.text)
    PendSV_Handler                           0x080005b3   Thumb Code     2  startup_stm32f10x_hd.o(.text)
    ADC1_2_IRQHandler                        0x080005b7   Thumb Code     0  startup_stm32f10x_hd.o(.text)
    ADC3_IRQHandler                          0x080005b7   Thumb Code     0  startup_stm32f10x_hd.o(.text)
    CAN1_RX1_IRQHandler                      0x080005b7   Thumb Code     0  startup_stm32f10x_hd.o(.text)
    CAN1_SCE_IRQHandler                      0x080005b7   Thumb Code     0  startup_stm32f10x_hd.o(.text)
    DMA1_Channel1_IRQHandler                 0x080005b7   Thumb Code     0  startup_stm32f10x_hd.o(.text)
    DMA1_Channel2_IRQHandler                 0x080005b7   Thumb Code     0  startup_stm32f10x_hd.o(.text)
    DMA1_Channel3_IRQHandler                 0x080005b7   Thumb Code     0  startup_stm32f10x_hd.o(.text)
    DMA1_Channel4_IRQHandler                 0x080005b7   Thumb Code     0  startup_stm32f10x_hd.o(.text)
    DMA1_Channel5_IRQHandler                 0x080005b7   Thumb Code     0  startup_stm32f10x_hd.o(.text)
    DMA1_Channel6_IRQHandler                 0x080005b7   Thumb Code     0  startup_stm32f10x_hd.o(.text)
    DMA1_Channel7_IRQHandler                 0x080005b7   Thumb Code     0  startup_stm32f10x_hd.o(.text)
    DMA2_Channel1_IRQHandler                 0x080005b7   Thumb Code     0  startup_stm32f10x_hd.o(.text)
    DMA2_Channel2_IRQHandler                 0x080005b7   Thumb Code     0  startup_stm32f10x_hd.o(.text)
    DMA2_Channel3_IRQHandler                 0x080005b7   Thumb Code     0  startup_stm32f10x_hd.o(.text)
    DMA2_Channel4_5_IRQHandler               0x080005b7   Thumb Code     0  startup_stm32f10x_hd.o(.text)
    EXTI15_10_IRQHandler                     0x080005b7   Thumb Code     0  startup_stm32f10x_hd.o(.text)
    EXTI1_IRQHandler                         0x080005b7   Thumb Code     0  startup_stm32f10x_hd.o(.text)
    EXTI2_IRQHandler                         0x080005b7   Thumb Code     0  startup_stm32f10x_hd.o(.text)
    EXTI3_IRQHandler                         0x080005b7   Thumb Code     0  startup_stm32f10x_hd.o(.text)
    EXTI4_IRQHandler                         0x080005b7   Thumb Code     0  startup_stm32f10x_hd.o(.text)
    EXTI9_5_IRQHandler                       0x080005b7   Thumb Code     0  startup_stm32f10x_hd.o(.text)
    FLASH_IRQHandler                         0x080005b7   Thumb Code     0  startup_stm32f10x_hd.o(.text)
    FSMC_IRQHandler                          0x080005b7   Thumb Code     0  startup_stm32f10x_hd.o(.text)
    I2C1_ER_IRQHandler                       0x080005b7   Thumb Code     0  startup_stm32f10x_hd.o(.text)
    I2C1_EV_IRQHandler                       0x080005b7   Thumb Code     0  startup_stm32f10x_hd.o(.text)
    I2C2_ER_IRQHandler                       0x080005b7   Thumb Code     0  startup_stm32f10x_hd.o(.text)
    I2C2_EV_IRQHandler                       0x080005b7   Thumb Code     0  startup_stm32f10x_hd.o(.text)
    PVD_IRQHandler                           0x080005b7   Thumb Code     0  startup_stm32f10x_hd.o(.text)
    RCC_IRQHandler                           0x080005b7   Thumb Code     0  startup_stm32f10x_hd.o(.text)
    RTCAlarm_IRQHandler                      0x080005b7   Thumb Code     0  startup_stm32f10x_hd.o(.text)
    SDIO_IRQHandler                          0x080005b7   Thumb Code     0  startup_stm32f10x_hd.o(.text)
    SPI1_IRQHandler                          0x080005b7   Thumb Code     0  startup_stm32f10x_hd.o(.text)
    SPI2_IRQHandler                          0x080005b7   Thumb Code     0  startup_stm32f10x_hd.o(.text)
    SPI3_IRQHandler                          0x080005b7   Thumb Code     0  startup_stm32f10x_hd.o(.text)
    TAMPER_IRQHandler                        0x080005b7   Thumb Code     0  startup_stm32f10x_hd.o(.text)
    TIM1_BRK_IRQHandler                      0x080005b7   Thumb Code     0  startup_stm32f10x_hd.o(.text)
    TIM1_CC_IRQHandler                       0x080005b7   Thumb Code     0  startup_stm32f10x_hd.o(.text)
    TIM1_TRG_COM_IRQHandler                  0x080005b7   Thumb Code     0  startup_stm32f10x_hd.o(.text)
    TIM1_UP_IRQHandler                       0x080005b7   Thumb Code     0  startup_stm32f10x_hd.o(.text)
    TIM2_IRQHandler                          0x080005b7   Thumb Code     0  startup_stm32f10x_hd.o(.text)
    TIM3_IRQHandler                          0x080005b7   Thumb Code     0  startup_stm32f10x_hd.o(.text)
    TIM4_IRQHandler                          0x080005b7   Thumb Code     0  startup_stm32f10x_hd.o(.text)
    TIM5_IRQHandler                          0x080005b7   Thumb Code     0  startup_stm32f10x_hd.o(.text)
    TIM6_IRQHandler                          0x080005b7   Thumb Code     0  startup_stm32f10x_hd.o(.text)
    TIM7_IRQHandler                          0x080005b7   Thumb Code     0  startup_stm32f10x_hd.o(.text)
    TIM8_BRK_IRQHandler                      0x080005b7   Thumb Code     0  startup_stm32f10x_hd.o(.text)
    TIM8_CC_IRQHandler                       0x080005b7   Thumb Code     0  startup_stm32f10x_hd.o(.text)
    TIM8_TRG_COM_IRQHandler                  0x080005b7   Thumb Code     0  startup_stm32f10x_hd.o(.text)
    TIM8_UP_IRQHandler                       0x080005b7   Thumb Code     0  startup_stm32f10x_hd.o(.text)
    UART4_IRQHandler                         0x080005b7   Thumb Code     0  startup_stm32f10x_hd.o(.text)
    UART5_IRQHandler                         0x080005b7   Thumb Code     0  startup_stm32f10x_hd.o(.text)
    USART3_IRQHandler                        0x080005b7   Thumb Code     0  startup_stm32f10x_hd.o(.text)
    USBWakeUp_IRQHandler                     0x080005b7   Thumb Code     0  startup_stm32f10x_hd.o(.text)
    USB_HP_CAN1_TX_IRQHandler                0x080005b7   Thumb Code     0  startup_stm32f10x_hd.o(.text)
    USB_LP_CAN1_RX0_IRQHandler               0x080005b7   Thumb Code     0  startup_stm32f10x_hd.o(.text)
    WWDG_IRQHandler                          0x080005b7   Thumb Code     0  startup_stm32f10x_hd.o(.text)
    __user_initial_stackheap                 0x080005b9   Thumb Code     0  startup_stm32f10x_hd.o(.text)
    NVIC_PriorityGroupConfig                 0x080005dd   Thumb Code    10  misc.o(.text)
    NVIC_Init                                0x080005e7   Thumb Code   100  misc.o(.text)
    NVIC_SetVectorTable                      0x0800064b   Thumb Code    14  misc.o(.text)
    NVIC_SystemLPConfig                      0x08000659   Thumb Code    34  misc.o(.text)
    SysTick_CLKSourceConfig                  0x0800067b   Thumb Code    40  misc.o(.text)
    GPIO_DeInit                              0x080006b9   Thumb Code   172  stm32f10x_gpio.o(.text)
    GPIO_AFIODeInit                          0x08000765   Thumb Code    20  stm32f10x_gpio.o(.text)
    GPIO_Init                                0x08000779   Thumb Code   278  stm32f10x_gpio.o(.text)
    GPIO_StructInit                          0x0800088f   Thumb Code    16  stm32f10x_gpio.o(.text)
    GPIO_ReadInputDataBit                    0x0800089f   Thumb Code    18  stm32f10x_gpio.o(.text)
    GPIO_ReadInputData                       0x080008b1   Thumb Code     8  stm32f10x_gpio.o(.text)
    GPIO_ReadOutputDataBit                   0x080008b9   Thumb Code    18  stm32f10x_gpio.o(.text)
    GPIO_ReadOutputData                      0x080008cb   Thumb Code     8  stm32f10x_gpio.o(.text)
    GPIO_SetBits                             0x080008d3   Thumb Code     4  stm32f10x_gpio.o(.text)
    GPIO_ResetBits                           0x080008d7   Thumb Code     4  stm32f10x_gpio.o(.text)
    GPIO_WriteBit                            0x080008db   Thumb Code    10  stm32f10x_gpio.o(.text)
    GPIO_Write                               0x080008e5   Thumb Code     4  stm32f10x_gpio.o(.text)
    GPIO_PinLockConfig                       0x080008e9   Thumb Code    18  stm32f10x_gpio.o(.text)
    GPIO_EventOutputConfig                   0x080008fb   Thumb Code    26  stm32f10x_gpio.o(.text)
    GPIO_EventOutputCmd                      0x08000915   Thumb Code     6  stm32f10x_gpio.o(.text)
    GPIO_PinRemapConfig                      0x0800091b   Thumb Code   138  stm32f10x_gpio.o(.text)
    GPIO_EXTILineConfig                      0x080009a5   Thumb Code    66  stm32f10x_gpio.o(.text)
    GPIO_ETH_MediaInterfaceConfig            0x080009e7   Thumb Code     8  stm32f10x_gpio.o(.text)
    RCC_DeInit                               0x08000a15   Thumb Code    64  stm32f10x_rcc.o(.text)
    RCC_HSEConfig                            0x08000a55   Thumb Code    70  stm32f10x_rcc.o(.text)
    RCC_GetFlagStatus                        0x08000a9b   Thumb Code    56  stm32f10x_rcc.o(.text)
    RCC_WaitForHSEStartUp                    0x08000ad3   Thumb Code    56  stm32f10x_rcc.o(.text)
    RCC_AdjustHSICalibrationValue            0x08000b0b   Thumb Code    20  stm32f10x_rcc.o(.text)
    RCC_HSICmd                               0x08000b1f   Thumb Code     6  stm32f10x_rcc.o(.text)
    RCC_PLLConfig                            0x08000b25   Thumb Code    24  stm32f10x_rcc.o(.text)
    RCC_PLLCmd                               0x08000b3d   Thumb Code     6  stm32f10x_rcc.o(.text)
    RCC_SYSCLKConfig                         0x08000b43   Thumb Code    18  stm32f10x_rcc.o(.text)
    RCC_GetSYSCLKSource                      0x08000b55   Thumb Code    10  stm32f10x_rcc.o(.text)
    RCC_HCLKConfig                           0x08000b5f   Thumb Code    18  stm32f10x_rcc.o(.text)
    RCC_PCLK1Config                          0x08000b71   Thumb Code    18  stm32f10x_rcc.o(.text)
    RCC_PCLK2Config                          0x08000b83   Thumb Code    20  stm32f10x_rcc.o(.text)
    RCC_ITConfig                             0x08000b97   Thumb Code    26  stm32f10x_rcc.o(.text)
    RCC_USBCLKConfig                         0x08000bb1   Thumb Code     8  stm32f10x_rcc.o(.text)
    RCC_ADCCLKConfig                         0x08000bb9   Thumb Code    18  stm32f10x_rcc.o(.text)
    RCC_LSEConfig                            0x08000bcb   Thumb Code    50  stm32f10x_rcc.o(.text)
    RCC_LSICmd                               0x08000bfd   Thumb Code     6  stm32f10x_rcc.o(.text)
    RCC_RTCCLKConfig                         0x08000c03   Thumb Code    12  stm32f10x_rcc.o(.text)
    RCC_RTCCLKCmd                            0x08000c0f   Thumb Code     8  stm32f10x_rcc.o(.text)
    RCC_GetClocksFreq                        0x08000c17   Thumb Code   192  stm32f10x_rcc.o(.text)
    RCC_AHBPeriphClockCmd                    0x08000cd7   Thumb Code    26  stm32f10x_rcc.o(.text)
    RCC_APB2PeriphClockCmd                   0x08000cf1   Thumb Code    26  stm32f10x_rcc.o(.text)
    RCC_APB1PeriphClockCmd                   0x08000d0b   Thumb Code    26  stm32f10x_rcc.o(.text)
    RCC_APB2PeriphResetCmd                   0x08000d25   Thumb Code    26  stm32f10x_rcc.o(.text)
    RCC_APB1PeriphResetCmd                   0x08000d3f   Thumb Code    26  stm32f10x_rcc.o(.text)
    RCC_BackupResetCmd                       0x08000d59   Thumb Code     8  stm32f10x_rcc.o(.text)
    RCC_ClockSecuritySystemCmd               0x08000d61   Thumb Code     6  stm32f10x_rcc.o(.text)
    RCC_MCOConfig                            0x08000d67   Thumb Code     6  stm32f10x_rcc.o(.text)
    RCC_ClearFlag                            0x08000d6d   Thumb Code    14  stm32f10x_rcc.o(.text)
    RCC_GetITStatus                          0x08000d7b   Thumb Code    20  stm32f10x_rcc.o(.text)
    RCC_ClearITPendingBit                    0x08000d8f   Thumb Code     6  stm32f10x_rcc.o(.text)
    USART_DeInit                             0x08000dc1   Thumb Code   134  stm32f10x_usart.o(.text)
    USART_Init                               0x08000e47   Thumb Code   210  stm32f10x_usart.o(.text)
    USART_StructInit                         0x08000f19   Thumb Code    24  stm32f10x_usart.o(.text)
    USART_ClockInit                          0x08000f31   Thumb Code    34  stm32f10x_usart.o(.text)
    USART_ClockStructInit                    0x08000f53   Thumb Code    12  stm32f10x_usart.o(.text)
    USART_Cmd                                0x08000f5f   Thumb Code    24  stm32f10x_usart.o(.text)
    USART_ITConfig                           0x08000f77   Thumb Code    74  stm32f10x_usart.o(.text)
    USART_DMACmd                             0x08000fc1   Thumb Code    18  stm32f10x_usart.o(.text)
    USART_SetAddress                         0x08000fd3   Thumb Code    18  stm32f10x_usart.o(.text)
    USART_WakeUpConfig                       0x08000fe5   Thumb Code    18  stm32f10x_usart.o(.text)
    USART_ReceiverWakeUpCmd                  0x08000ff7   Thumb Code    24  stm32f10x_usart.o(.text)
    USART_LINBreakDetectLengthConfig         0x0800100f   Thumb Code    18  stm32f10x_usart.o(.text)
    USART_LINCmd                             0x08001021   Thumb Code    24  stm32f10x_usart.o(.text)
    USART_SendData                           0x08001039   Thumb Code     8  stm32f10x_usart.o(.text)
    USART_ReceiveData                        0x08001041   Thumb Code    10  stm32f10x_usart.o(.text)
    USART_SendBreak                          0x0800104b   Thumb Code    10  stm32f10x_usart.o(.text)
    USART_SetGuardTime                       0x08001055   Thumb Code    16  stm32f10x_usart.o(.text)
    USART_SetPrescaler                       0x08001065   Thumb Code    16  stm32f10x_usart.o(.text)
    USART_SmartCardCmd                       0x08001075   Thumb Code    24  stm32f10x_usart.o(.text)
    USART_SmartCardNACKCmd                   0x0800108d   Thumb Code    24  stm32f10x_usart.o(.text)
    USART_HalfDuplexCmd                      0x080010a5   Thumb Code    24  stm32f10x_usart.o(.text)
    USART_OverSampling8Cmd                   0x080010bd   Thumb Code    22  stm32f10x_usart.o(.text)
    USART_OneBitMethodCmd                    0x080010d3   Thumb Code    24  stm32f10x_usart.o(.text)
    USART_IrDAConfig                         0x080010eb   Thumb Code    18  stm32f10x_usart.o(.text)
    USART_IrDACmd                            0x080010fd   Thumb Code    24  stm32f10x_usart.o(.text)
    USART_GetFlagStatus                      0x08001115   Thumb Code    26  stm32f10x_usart.o(.text)
    USART_ClearFlag                          0x0800112f   Thumb Code    18  stm32f10x_usart.o(.text)
    USART_GetITStatus                        0x08001141   Thumb Code    84  stm32f10x_usart.o(.text)
    USART_ClearITPendingBit                  0x08001195   Thumb Code    52  stm32f10x_usart.o(.text)
    Beep_Set                                 0x080011c9   Thumb Code    20  beep.o(.text)
    Beep_Init                                0x080011dd   Thumb Code    60  beep.o(.text)
    Delay_Init                               0x08001225   Thumb Code    48  delay.o(.text)
    DelayUs                                  0x08001255   Thumb Code    60  delay.o(.text)
    DelayXms                                 0x08001291   Thumb Code    66  delay.o(.text)
    DelayMs                                  0x080012d3   Thumb Code    60  delay.o(.text)
    Usart1_Init                              0x08001319   Thumb Code   166  usart.o(.text)
    Usart2_Init                              0x080013bf   Thumb Code   162  usart.o(.text)
    Usart_SendString                         0x08001461   Thumb Code    50  usart.o(.text)
    UsartPrintf                              0x08001493   Thumb Code    72  usart.o(.text)
    USART1_IRQHandler                        0x080014db   Thumb Code    24  usart.o(.text)
    IIC_SpeedCtl                             0x08001501   Thumb Code     6  i2c.o(.text)
    IIC_Init                                 0x08001507   Thumb Code    66  i2c.o(.text)
    IIC_Start                                0x08001549   Thumb Code    60  i2c.o(.text)
    IIC_Stop                                 0x08001585   Thumb Code    60  i2c.o(.text)
    IIC_WaitAck                              0x080015c1   Thumb Code   100  i2c.o(.text)
    IIC_Ack                                  0x08001625   Thumb Code    60  i2c.o(.text)
    IIC_NAck                                 0x08001661   Thumb Code    60  i2c.o(.text)
    IIC_SendByte                             0x0800169d   Thumb Code    96  i2c.o(.text)
    IIC_RecvByte                             0x080016fd   Thumb Code    86  i2c.o(.text)
    I2C_WriteByte                            0x08001753   Thumb Code    92  i2c.o(.text)
    I2C_ReadByte                             0x080017af   Thumb Code   106  i2c.o(.text)
    I2C_WriteBytes                           0x08001819   Thumb Code   116  i2c.o(.text)
    I2C_ReadBytes                            0x0800188d   Thumb Code   168  i2c.o(.text)
    SHT20_reset                              0x08001935   Thumb Code    14  sht20.o(.text)
    SHT20_read_user_reg                      0x08001943   Thumb Code    22  sht20.o(.text)
    SHT2x_CheckCrc                           0x08001959   Thumb Code    74  sht20.o(.text)
    SHT2x_CalcTemperatureC                   0x080019a3   Thumb Code    74  sht20.o(.text)
    SHT2x_CalcRH                             0x080019ed   Thumb Code    60  sht20.o(.text)
    SHT2x_MeasureHM                          0x08001a29   Thumb Code   208  sht20.o(.text)
    SHT20_GetValue                           0x08001af9   Thumb Code   106  sht20.o(.text)
    Hardware_Init                            0x08001b89   Thumb Code    48  main.o(.text)
    main                                     0x08001bb9   Thumb Code   106  main.o(.text)
    OneNet_DevLink                           0x08001c51   Thumb Code   212  onenet.o(.text)
    OneNet_FillBuf                           0x08001d25   Thumb Code   110  onenet.o(.text)
    OneNet_SendData                          0x08001d93   Thumb Code   128  onenet.o(.text)
    OneNet_RevPro                            0x08001e13   Thumb Code   270  onenet.o(.text)
    MQTT_NewBuffer                           0x08002151   Thumb Code    88  mqttkit.o(.text)
    MQTT_DeleteBuffer                        0x080021a9   Thumb Code    28  mqttkit.o(.text)
    MQTT_DumpLength                          0x080021c5   Thumb Code    46  mqttkit.o(.text)
    MQTT_ReadLength                          0x080021f3   Thumb Code    70  mqttkit.o(.text)
    MQTT_UnPacketRecv                        0x08002239   Thumb Code   106  mqttkit.o(.text)
    MQTT_PacketConnect                       0x080022a3   Thumb Code   666  mqttkit.o(.text)
    MQTT_PacketDisConnect                    0x0800253d   Thumb Code    48  mqttkit.o(.text)
    MQTT_UnPacketConnectAck                  0x0800256d   Thumb Code    30  mqttkit.o(.text)
    MQTT_PacketPublish                       0x0800258b   Thumb Code   452  mqttkit.o(.text)
    MQTT_PacketSaveData                      0x0800274f   Thumb Code    88  mqttkit.o(.text)
    MQTT_PacketSaveBinData                   0x080027a7   Thumb Code   192  mqttkit.o(.text)
    MQTT_UnPacketCmd                         0x08002867   Thumb Code   140  mqttkit.o(.text)
    MQTT_PacketCmdResp                       0x080028f3   Thumb Code   132  mqttkit.o(.text)
    MQTT_PacketSubscribe                     0x08002977   Thumb Code   254  mqttkit.o(.text)
    MQTT_UnPacketSubscribe                   0x08002a75   Thumb Code    52  mqttkit.o(.text)
    MQTT_PacketUnSubscribe                   0x08002aa9   Thumb Code   268  mqttkit.o(.text)
    MQTT_UnPacketUnSubscribe                 0x08002bb5   Thumb Code    18  mqttkit.o(.text)
    MQTT_UnPacketPublish                     0x08002bc7   Thumb Code   440  mqttkit.o(.text)
    MQTT_PacketPublishAck                    0x08002d7f   Thumb Code    72  mqttkit.o(.text)
    MQTT_UnPacketPublishAck                  0x08002dc7   Thumb Code    30  mqttkit.o(.text)
    MQTT_PacketPublishRec                    0x08002de5   Thumb Code    72  mqttkit.o(.text)
    MQTT_UnPacketPublishRec                  0x08002e2d   Thumb Code    30  mqttkit.o(.text)
    MQTT_PacketPublishRel                    0x08002e4b   Thumb Code    72  mqttkit.o(.text)
    MQTT_UnPacketPublishRel                  0x08002e93   Thumb Code    36  mqttkit.o(.text)
    MQTT_PacketPublishComp                   0x08002eb7   Thumb Code    72  mqttkit.o(.text)
    MQTT_UnPacketPublishComp                 0x08002eff   Thumb Code    30  mqttkit.o(.text)
    MQTT_PacketPing                          0x08002f1d   Thumb Code    48  mqttkit.o(.text)
    ESP8266_Clear                            0x08002f4d   Thumb Code    18  esp8266.o(.text)
    ESP8266_WaitRecive                       0x08002f5f   Thumb Code    42  esp8266.o(.text)
    ESP8266_SendCmd                          0x08002f89   Thumb Code    76  esp8266.o(.text)
    ESP8266_SendData                         0x08002fd5   Thumb Code    46  esp8266.o(.text)
    ESP8266_GetIPD                           0x08003003   Thumb Code    68  esp8266.o(.text)
    ESP8266_Init                             0x08003047   Thumb Code   236  esp8266.o(.text)
    USART2_IRQHandler                        0x08003133   Thumb Code    62  esp8266.o(.text)
    malloc                                   0x08003285   Thumb Code    94  h1_alloc.o(.text)
    free                                     0x080032e3   Thumb Code    78  h1_free.o(.text)
    __c89vsnprintf                           0x08003331   Thumb Code    48  c89vsnprintf.o(.text)
    __2sprintf                               0x08003365   Thumb Code    38  __2sprintf.o(.text)
    _printf_str                              0x08003391   Thumb Code    82  _printf_str.o(.text)
    _printf_int_dec                          0x080033e5   Thumb Code   104  _printf_dec.o(.text)
    __printf                                 0x0800345d   Thumb Code   388  __printf_flags_ss_wp.o(.text)
    atoi                                     0x080035e5   Thumb Code    26  atoi.o(.text)
    strchr                                   0x080035ff   Thumb Code    20  strchr.o(.text)
    strncat                                  0x08003613   Thumb Code    36  strncat.o(.text)
    strstr                                   0x08003637   Thumb Code    36  strstr.o(.text)
    strcpy                                   0x0800365b   Thumb Code    72  strcpy.o(.text)
    strlen                                   0x080036a3   Thumb Code    62  strlen.o(.text)
    strcat                                   0x080036e1   Thumb Code    24  strcat.o(.text)
    __aeabi_memcpy                           0x080036f9   Thumb Code     0  rt_memcpy_v6.o(.text)
    __rt_memcpy                              0x080036f9   Thumb Code   138  rt_memcpy_v6.o(.text)
    _memcpy_lastbytes                        0x0800375f   Thumb Code     0  rt_memcpy_v6.o(.text)
    __aeabi_memclr                           0x08003783   Thumb Code     0  rt_memclr.o(.text)
    __rt_memclr                              0x08003783   Thumb Code    68  rt_memclr.o(.text)
    _memset                                  0x08003787   Thumb Code     0  rt_memclr.o(.text)
    __aeabi_memclr4                          0x080037c7   Thumb Code     0  rt_memclr_w.o(.text)
    __aeabi_memclr8                          0x080037c7   Thumb Code     0  rt_memclr_w.o(.text)
    __rt_memclr_w                            0x080037c7   Thumb Code    78  rt_memclr_w.o(.text)
    _memset_w                                0x080037cb   Thumb Code     0  rt_memclr_w.o(.text)
    __use_two_region_memory                  0x08003815   Thumb Code     2  heapauxi.o(.text)
    __rt_heap_escrow                         0x08003817   Thumb Code     2  heapauxi.o(.text)
    __rt_heap_expand                         0x08003819   Thumb Code     2  heapauxi.o(.text)
    __rt_heap_descriptor                     0x0800381d   Thumb Code     8  rt_heap_descriptor_intlibspace.o(.text)
    __aeabi_errno_addr                       0x08003825   Thumb Code     8  rt_errno_addr_intlibspace.o(.text)
    __errno$intlibspace                      0x08003825   Thumb Code     0  rt_errno_addr_intlibspace.o(.text)
    __rt_errno_addr$intlibspace              0x08003825   Thumb Code     0  rt_errno_addr_intlibspace.o(.text)
    __use_no_heap                            0x0800382d   Thumb Code     2  hguard.o(.text)
    __heap$guard                             0x0800382f   Thumb Code     2  hguard.o(.text)
    _terminate_user_alloc                    0x08003831   Thumb Code     2  init_alloc.o(.text)
    _init_user_alloc                         0x08003833   Thumb Code     2  init_alloc.o(.text)
    __Heap_Full                              0x08003835   Thumb Code    34  init_alloc.o(.text)
    __Heap_Broken                            0x08003857   Thumb Code     6  init_alloc.o(.text)
    _init_alloc                              0x0800385d   Thumb Code    94  init_alloc.o(.text)
    __Heap_Initialize                        0x080038bb   Thumb Code    10  h1_init.o(.text)
    __Heap_DescSize                          0x080038c5   Thumb Code     4  h1_init.o(.text)
    _printf_pre_padding                      0x080038c9   Thumb Code    44  _printf_pad.o(.text)
    _printf_post_padding                     0x080038f5   Thumb Code    34  _printf_pad.o(.text)
    _printf_truncate_signed                  0x08003917   Thumb Code    18  _printf_truncate.o(.text)
    _printf_truncate_unsigned                0x08003929   Thumb Code    18  _printf_truncate.o(.text)
    _printf_int_common                       0x0800393b   Thumb Code   178  _printf_intcommon.o(.text)
    _printf_charcount                        0x080039ed   Thumb Code    40  _printf_charcount.o(.text)
    __lib_sel_fp_printf                      0x08003a15   Thumb Code     2  _printf_fp_dec.o(.text)
    _printf_fp_dec_real                      0x08003bc7   Thumb Code   620  _printf_fp_dec.o(.text)
    _printf_char_common                      0x08003e3f   Thumb Code    32  _printf_char_common.o(.text)
    _sputc                                   0x08003e65   Thumb Code    10  _sputc.o(.text)
    _snputc                                  0x08003e6f   Thumb Code    16  _snputc.o(.text)
    _printf_cs_common                        0x08003e7f   Thumb Code    20  _printf_char.o(.text)
    _printf_char                             0x08003e93   Thumb Code    16  _printf_char.o(.text)
    _printf_string                           0x08003ea3   Thumb Code     8  _printf_char.o(.text)
    _printf_wctomb                           0x08003ead   Thumb Code   182  _printf_wctomb.o(.text)
    _printf_longlong_dec                     0x08003f69   Thumb Code   108  _printf_longlong_dec.o(.text)
    _printf_longlong_oct                     0x08003fe5   Thumb Code    66  _printf_oct_int_ll.o(.text)
    _printf_int_oct                          0x08004027   Thumb Code    24  _printf_oct_int_ll.o(.text)
    _printf_ll_oct                           0x0800403f   Thumb Code    12  _printf_oct_int_ll.o(.text)
    _printf_longlong_hex                     0x08004055   Thumb Code    86  _printf_hex_int_ll_ptr.o(.text)
    _printf_int_hex                          0x080040ab   Thumb Code    28  _printf_hex_int_ll_ptr.o(.text)
    _printf_ll_hex                           0x080040c7   Thumb Code    12  _printf_hex_int_ll_ptr.o(.text)
    _printf_hex_ptr                          0x080040d3   Thumb Code    18  _printf_hex_int_ll_ptr.o(.text)
    strtol                                   0x080040e9   Thumb Code   112  strtol.o(.text)
    __aeabi_memcpy4                          0x08004159   Thumb Code     0  rt_memcpy_w.o(.text)
    __aeabi_memcpy8                          0x08004159   Thumb Code     0  rt_memcpy_w.o(.text)
    __rt_memcpy_w                            0x08004159   Thumb Code   100  rt_memcpy_w.o(.text)
    _memcpy_lastbytes_aligned                0x080041a1   Thumb Code     0  rt_memcpy_w.o(.text)
    __user_libspace                          0x080041bd   Thumb Code     8  libspace.o(.text)
    __user_perproc_libspace                  0x080041bd   Thumb Code     0  libspace.o(.text)
    __user_perthread_libspace                0x080041bd   Thumb Code     0  libspace.o(.text)
    __rt_ctype_table                         0x080041c5   Thumb Code    16  rt_ctype_table.o(.text)
    __rt_locale                              0x080041d5   Thumb Code     8  rt_locale_intlibspace.o(.text)
    __Heap_ProvideMemory                     0x080041dd   Thumb Code    52  h1_extend.o(.text)
    _ll_udiv10                               0x08004211   Thumb Code   138  lludiv10.o(.text)
    _printf_fp_infnan                        0x0800429d   Thumb Code   112  _printf_fp_infnan.o(.text)
    _printf_lcs_common                       0x0800431d   Thumb Code    20  _printf_wchar.o(.text)
    _printf_wchar                            0x08004331   Thumb Code    16  _printf_wchar.o(.text)
    _printf_wstring                          0x08004341   Thumb Code     8  _printf_wchar.o(.text)
    _strtoul                                 0x08004349   Thumb Code   158  _strtoul.o(.text)
    _btod_etento                             0x080043e9   Thumb Code   224  bigflt0.o(.text)
    _wcrtomb                                 0x080044cd   Thumb Code    64  _wcrtomb.o(.text)
    __rt_SIGRTMEM                            0x0800450d   Thumb Code    14  defsig_rtmem_outer.o(.text)
    __I$use$semihosting                      0x0800451b   Thumb Code     0  use_no_semi.o(.text)
    __use_no_semihosting_swi                 0x0800451b   Thumb Code     2  use_no_semi.o(.text)
    __semihosting_library_function           0x0800451d   Thumb Code     0  indicate_semi.o(.text)
    __user_setup_stackheap                   0x0800451d   Thumb Code    74  sys_stackheap_outer.o(.text)
    _chval                                   0x08004567   Thumb Code    28  _chval.o(.text)
    exit                                     0x08004583   Thumb Code    18  exit.o(.text)
    __sig_exit                               0x08004595   Thumb Code    10  defsig_exit.o(.text)
    __rt_SIGRTMEM_inner                      0x080045a1   Thumb Code    22  defsig_rtmem_inner.o(.text)
    strcmp                                   0x080045f1   Thumb Code   128  strcmpv7m.o(.text)
    _sys_exit                                0x08004671   Thumb Code     8  sys_exit.o(.text)
    __default_signal_display                 0x0800467d   Thumb Code    50  defsig_general.o(.text)
    _ttywrch                                 0x080046af   Thumb Code    14  sys_wrch.o(.text)
    _btod_d2e                                0x080046bd   Thumb Code    62  btod.o(CL$$btod_d2e)
    _d2e_denorm_low                          0x080046fb   Thumb Code    70  btod.o(CL$$btod_d2e_denorm_low)
    _d2e_norm_op1                            0x08004741   Thumb Code    96  btod.o(CL$$btod_d2e_norm_op1)
    __btod_div_common                        0x080047a1   Thumb Code   696  btod.o(CL$$btod_div_common)
    _e2e                                     0x08004ad9   Thumb Code   220  btod.o(CL$$btod_e2e)
    _btod_ediv                               0x08004bb5   Thumb Code    42  btod.o(CL$$btod_ediv)
    _btod_emul                               0x08004bdf   Thumb Code    42  btod.o(CL$$btod_emul)
    __btod_mult_common                       0x08004c09   Thumb Code   580  btod.o(CL$$btod_mult_common)
    __ARM_fpclassify                         0x08004e4d   Thumb Code    40  fpclassify.o(i.__ARM_fpclassify)
    _is_digit                                0x08004e75   Thumb Code    14  __printf_wp.o(i._is_digit)
    _get_lc_numeric                          0x08004e85   Thumb Code    44  lc_numeric_c.o(locale$$code)
    _get_lc_ctype                            0x08004eb1   Thumb Code    44  lc_ctype_c.o(locale$$code)
    __aeabi_d2f                              0x08004edd   Thumb Code     0  d2f.o(x$fpl$d2f)
    _d2f                                     0x08004edd   Thumb Code    98  d2f.o(x$fpl$d2f)
    __aeabi_dadd                             0x08004f41   Thumb Code     0  daddsub_clz.o(x$fpl$dadd)
    _dadd                                    0x08004f41   Thumb Code   332  daddsub_clz.o(x$fpl$dadd)
    __aeabi_ddiv                             0x08005091   Thumb Code     0  ddiv.o(x$fpl$ddiv)
    _ddiv                                    0x08005091   Thumb Code   552  ddiv.o(x$fpl$ddiv)
    __aeabi_dmul                             0x08005341   Thumb Code     0  dmul.o(x$fpl$dmul)
    _dmul                                    0x08005341   Thumb Code   332  dmul.o(x$fpl$dmul)
    __fpl_dnaninf                            0x08005495   Thumb Code   156  dnaninf.o(x$fpl$dnaninf)
    __fpl_dretinf                            0x08005531   Thumb Code    12  dretinf.o(x$fpl$dretinf)
    __aeabi_dsub                             0x0800553d   Thumb Code     0  daddsub_clz.o(x$fpl$dsub)
    _dsub                                    0x0800553d   Thumb Code   464  daddsub_clz.o(x$fpl$dsub)
    __aeabi_f2d                              0x08005711   Thumb Code     0  f2d.o(x$fpl$f2d)
    _f2d                                     0x08005711   Thumb Code    86  f2d.o(x$fpl$f2d)
    __aeabi_f2uiz                            0x08005769   Thumb Code     0  ffixu.o(x$fpl$ffixu)
    _ffixu                                   0x08005769   Thumb Code    62  ffixu.o(x$fpl$ffixu)
    __aeabi_ui2f                             0x080057a9   Thumb Code     0  fflt_clz.o(x$fpl$ffltu)
    _ffltu                                   0x080057a9   Thumb Code    38  fflt_clz.o(x$fpl$ffltu)
    __fpl_fnaninf                            0x080057cf   Thumb Code   140  fnaninf.o(x$fpl$fnaninf)
    __fpl_fretinf                            0x0800585b   Thumb Code    10  fretinf.o(x$fpl$fretinf)
    _printf_fp_dec                           0x08005865   Thumb Code     4  printf1.o(x$fpl$printf1)
    __I$use$fp                               0x08005868   Number         0  usenofp.o(x$fpl$usenofp)
    Region$$Table$$Base                      0x08005940   Number         0  anon$$obj.o(Region$$Table)
    Region$$Table$$Limit                     0x08005960   Number         0  anon$$obj.o(Region$$Table)
    __ctype                                  0x08005989   Data           0  lc_ctype_c.o(locale$$data)
    SystemCoreClock                          0x20000000   Data           4  system_stm32f10x.o(.data)
    AHBPrescTable                            0x20000004   Data          16  system_stm32f10x.o(.data)
    beep_info                                0x20000028   Data           1  beep.o(.data)
    UsCount                                  0x2000002a   Data           1  delay.o(.data)
    MsCount                                  0x2000002c   Data           2  delay.o(.data)
    iic_info                                 0x2000002e   Data           2  i2c.o(.data)
    sht20_info                               0x20000030   Data           8  sht20.o(.data)
    esp8266_cnt                              0x20000038   Data           2  esp8266.o(.data)
    esp8266_cntPre                           0x2000003a   Data           2  esp8266.o(.data)
    esp8266_buf                              0x2000003c   Data         128  esp8266.o(.bss)
    __libspace_start                         0x200000bc   Data          96  libspace.o(.bss)
    __temporary_stack_top$libspace           0x2000011c   Data           0  libspace.o(.bss)



==============================================================================

Memory Map of the image

  Image Entry point : 0x08000131

  Load Region LR_IROM1 (Base: 0x08000000, Size: 0x00005ac8, Max: 0x00080000, ABSOLUTE)

    Execution Region ER_IROM1 (Exec base: 0x08000000, Load base: 0x08000000, Size: 0x00005a8c, Max: 0x00080000, ABSOLUTE)

    Exec Addr    Load Addr    Size         Type   Attr      Idx    E Section Name        Object

    0x08000000   0x08000000   0x00000130   Data   RO          139    RESET               startup_stm32f10x_hd.o
    0x08000130   0x08000130   0x00000008   Code   RO          544  * !!!main             c_w.l(__main.o)
    0x08000138   0x08000138   0x00000034   Code   RO          921    !!!scatter          c_w.l(__scatter.o)
    0x0800016c   0x0800016c   0x0000001a   Code   RO          923    !!handler_copy      c_w.l(__scatter_copy.o)
    0x08000186   0x08000186   0x00000002   PAD
    0x08000188   0x08000188   0x0000001c   Code   RO          925    !!handler_zi        c_w.l(__scatter_zi.o)
    0x080001a4   0x080001a4   0x00000000   Code   RO          521    .ARM.Collect$$_printf_percent$$00000000  c_w.l(_printf_percent.o)
    0x080001a4   0x080001a4   0x00000006   Code   RO          658    .ARM.Collect$$_printf_percent$$00000001  c_w.l(_printf_n.o)
    0x080001aa   0x080001aa   0x00000006   Code   RO          660    .ARM.Collect$$_printf_percent$$00000002  c_w.l(_printf_p.o)
    0x080001b0   0x080001b0   0x00000006   Code   RO          520    .ARM.Collect$$_printf_percent$$00000003  c_w.l(_printf_f.o)
    0x080001b6   0x080001b6   0x00000006   Code   RO          664    .ARM.Collect$$_printf_percent$$00000004  c_w.l(_printf_e.o)
    0x080001bc   0x080001bc   0x00000006   Code   RO          665    .ARM.Collect$$_printf_percent$$00000005  c_w.l(_printf_g.o)
    0x080001c2   0x080001c2   0x00000006   Code   RO          666    .ARM.Collect$$_printf_percent$$00000006  c_w.l(_printf_a.o)
    0x080001c8   0x080001c8   0x0000000a   Code   RO          671    .ARM.Collect$$_printf_percent$$00000007  c_w.l(_printf_ll.o)
    0x080001d2   0x080001d2   0x00000006   Code   RO          662    .ARM.Collect$$_printf_percent$$00000008  c_w.l(_printf_i.o)
    0x080001d8   0x080001d8   0x00000006   Code   RO          519    .ARM.Collect$$_printf_percent$$00000009  c_w.l(_printf_d.o)
    0x080001de   0x080001de   0x00000006   Code   RO          663    .ARM.Collect$$_printf_percent$$0000000A  c_w.l(_printf_u.o)
    0x080001e4   0x080001e4   0x00000006   Code   RO          661    .ARM.Collect$$_printf_percent$$0000000B  c_w.l(_printf_o.o)
    0x080001ea   0x080001ea   0x00000006   Code   RO          659    .ARM.Collect$$_printf_percent$$0000000C  c_w.l(_printf_x.o)
    0x080001f0   0x080001f0   0x00000006   Code   RO          668    .ARM.Collect$$_printf_percent$$0000000D  c_w.l(_printf_lli.o)
    0x080001f6   0x080001f6   0x00000006   Code   RO          669    .ARM.Collect$$_printf_percent$$0000000E  c_w.l(_printf_lld.o)
    0x080001fc   0x080001fc   0x00000006   Code   RO          670    .ARM.Collect$$_printf_percent$$0000000F  c_w.l(_printf_llu.o)
    0x08000202   0x08000202   0x00000006   Code   RO          675    .ARM.Collect$$_printf_percent$$00000010  c_w.l(_printf_llo.o)
    0x08000208   0x08000208   0x00000006   Code   RO          676    .ARM.Collect$$_printf_percent$$00000011  c_w.l(_printf_llx.o)
    0x0800020e   0x0800020e   0x0000000a   Code   RO          672    .ARM.Collect$$_printf_percent$$00000012  c_w.l(_printf_l.o)
    0x08000218   0x08000218   0x00000006   Code   RO          657    .ARM.Collect$$_printf_percent$$00000013  c_w.l(_printf_c.o)
    0x0800021e   0x0800021e   0x00000006   Code   RO          518    .ARM.Collect$$_printf_percent$$00000014  c_w.l(_printf_s.o)
    0x08000224   0x08000224   0x00000006   Code   RO          673    .ARM.Collect$$_printf_percent$$00000015  c_w.l(_printf_lc.o)
    0x0800022a   0x0800022a   0x00000006   Code   RO          674    .ARM.Collect$$_printf_percent$$00000016  c_w.l(_printf_ls.o)
    0x08000230   0x08000230   0x00000004   Code   RO          667    .ARM.Collect$$_printf_percent$$00000017  c_w.l(_printf_percent_end.o)
    0x08000234   0x08000234   0x00000002   Code   RO          858    .ARM.Collect$$libinit$$00000000  c_w.l(libinit.o)
    0x08000236   0x08000236   0x00000000   Code   RO          684    .ARM.Collect$$libinit$$00000002  c_w.l(libinit2.o)
    0x08000236   0x08000236   0x00000000   Code   RO          686    .ARM.Collect$$libinit$$00000004  c_w.l(libinit2.o)
    0x08000236   0x08000236   0x00000008   Code   RO          687    .ARM.Collect$$libinit$$00000005  c_w.l(libinit2.o)
    0x0800023e   0x0800023e   0x00000000   Code   RO          689    .ARM.Collect$$libinit$$0000000A  c_w.l(libinit2.o)
    0x0800023e   0x0800023e   0x00000000   Code   RO          691    .ARM.Collect$$libinit$$0000000C  c_w.l(libinit2.o)
    0x0800023e   0x0800023e   0x00000000   Code   RO          693    .ARM.Collect$$libinit$$0000000E  c_w.l(libinit2.o)
    0x0800023e   0x0800023e   0x00000006   Code   RO          694    .ARM.Collect$$libinit$$0000000F  c_w.l(libinit2.o)
    0x08000244   0x08000244   0x00000000   Code   RO          696    .ARM.Collect$$libinit$$00000011  c_w.l(libinit2.o)
    0x08000244   0x08000244   0x0000000c   Code   RO          697    .ARM.Collect$$libinit$$00000012  c_w.l(libinit2.o)
    0x08000250   0x08000250   0x00000000   Code   RO          698    .ARM.Collect$$libinit$$00000013  c_w.l(libinit2.o)
    0x08000250   0x08000250   0x00000000   Code   RO          700    .ARM.Collect$$libinit$$00000015  c_w.l(libinit2.o)
    0x08000250   0x08000250   0x0000000a   Code   RO          701    .ARM.Collect$$libinit$$00000016  c_w.l(libinit2.o)
    0x0800025a   0x0800025a   0x00000000   Code   RO          702    .ARM.Collect$$libinit$$00000017  c_w.l(libinit2.o)
    0x0800025a   0x0800025a   0x00000000   Code   RO          704    .ARM.Collect$$libinit$$00000019  c_w.l(libinit2.o)
    0x0800025a   0x0800025a   0x00000000   Code   RO          706    .ARM.Collect$$libinit$$0000001B  c_w.l(libinit2.o)
    0x0800025a   0x0800025a   0x00000000   Code   RO          708    .ARM.Collect$$libinit$$0000001D  c_w.l(libinit2.o)
    0x0800025a   0x0800025a   0x00000000   Code   RO          710    .ARM.Collect$$libinit$$0000001F  c_w.l(libinit2.o)
    0x0800025a   0x0800025a   0x00000000   Code   RO          712    .ARM.Collect$$libinit$$00000021  c_w.l(libinit2.o)
    0x0800025a   0x0800025a   0x00000000   Code   RO          714    .ARM.Collect$$libinit$$00000023  c_w.l(libinit2.o)
    0x0800025a   0x0800025a   0x00000000   Code   RO          716    .ARM.Collect$$libinit$$00000025  c_w.l(libinit2.o)
    0x0800025a   0x0800025a   0x00000000   Code   RO          720    .ARM.Collect$$libinit$$0000002C  c_w.l(libinit2.o)
    0x0800025a   0x0800025a   0x00000000   Code   RO          722    .ARM.Collect$$libinit$$0000002E  c_w.l(libinit2.o)
    0x0800025a   0x0800025a   0x00000000   Code   RO          724    .ARM.Collect$$libinit$$00000030  c_w.l(libinit2.o)
    0x0800025a   0x0800025a   0x00000000   Code   RO          726    .ARM.Collect$$libinit$$00000032  c_w.l(libinit2.o)
    0x0800025a   0x0800025a   0x00000002   Code   RO          727    .ARM.Collect$$libinit$$00000033  c_w.l(libinit2.o)
    0x0800025c   0x0800025c   0x00000002   Code   RO          918    .ARM.Collect$$libshutdown$$00000000  c_w.l(libshutdown.o)
    0x0800025e   0x0800025e   0x00000000   Code   RO          872    .ARM.Collect$$libshutdown$$00000002  c_w.l(libshutdown2.o)
    0x0800025e   0x0800025e   0x00000000   Code   RO          874    .ARM.Collect$$libshutdown$$00000004  c_w.l(libshutdown2.o)
    0x0800025e   0x0800025e   0x00000000   Code   RO          876    .ARM.Collect$$libshutdown$$00000006  c_w.l(libshutdown2.o)
    0x0800025e   0x0800025e   0x00000000   Code   RO          879    .ARM.Collect$$libshutdown$$00000009  c_w.l(libshutdown2.o)
    0x0800025e   0x0800025e   0x00000000   Code   RO          882    .ARM.Collect$$libshutdown$$0000000C  c_w.l(libshutdown2.o)
    0x0800025e   0x0800025e   0x00000000   Code   RO          884    .ARM.Collect$$libshutdown$$0000000E  c_w.l(libshutdown2.o)
    0x0800025e   0x0800025e   0x00000000   Code   RO          887    .ARM.Collect$$libshutdown$$00000011  c_w.l(libshutdown2.o)
    0x0800025e   0x0800025e   0x00000002   Code   RO          888    .ARM.Collect$$libshutdown$$00000012  c_w.l(libshutdown2.o)
    0x08000260   0x08000260   0x00000000   Code   RO          576    .ARM.Collect$$rtentry$$00000000  c_w.l(__rtentry.o)
    0x08000260   0x08000260   0x00000000   Code   RO          743    .ARM.Collect$$rtentry$$00000002  c_w.l(__rtentry2.o)
    0x08000260   0x08000260   0x00000006   Code   RO          755    .ARM.Collect$$rtentry$$00000004  c_w.l(__rtentry4.o)
    0x08000266   0x08000266   0x00000000   Code   RO          745    .ARM.Collect$$rtentry$$00000009  c_w.l(__rtentry2.o)
    0x08000266   0x08000266   0x00000004   Code   RO          746    .ARM.Collect$$rtentry$$0000000A  c_w.l(__rtentry2.o)
    0x0800026a   0x0800026a   0x00000000   Code   RO          748    .ARM.Collect$$rtentry$$0000000C  c_w.l(__rtentry2.o)
    0x0800026a   0x0800026a   0x00000008   Code   RO          749    .ARM.Collect$$rtentry$$0000000D  c_w.l(__rtentry2.o)
    0x08000272   0x08000272   0x00000002   Code   RO          861    .ARM.Collect$$rtexit$$00000000  c_w.l(rtexit.o)
    0x08000274   0x08000274   0x00000000   Code   RO          892    .ARM.Collect$$rtexit$$00000002  c_w.l(rtexit2.o)
    0x08000274   0x08000274   0x00000004   Code   RO          893    .ARM.Collect$$rtexit$$00000003  c_w.l(rtexit2.o)
    0x08000278   0x08000278   0x00000006   Code   RO          894    .ARM.Collect$$rtexit$$00000004  c_w.l(rtexit2.o)
    0x0800027e   0x0800027e   0x00000002   PAD
    0x08000280   0x08000280   0x00000000   Code   RO          766    .emb_text           c_w.l(maybetermalloc1.o)
    0x08000280   0x08000280   0x00000134   Code   RO           17    .text               stm32f10x_it.o
    0x080003b4   0x080003b4   0x000001e8   Code   RO          119    .text               system_stm32f10x.o
    0x0800059c   0x0800059c   0x00000040   Code   RO          140    .text               startup_stm32f10x_hd.o
    0x080005dc   0x080005dc   0x000000dc   Code   RO          144    .text               misc.o
    0x080006b8   0x080006b8   0x0000035c   Code   RO          182    .text               stm32f10x_gpio.o
    0x08000a14   0x08000a14   0x000003ac   Code   RO          194    .text               stm32f10x_rcc.o
    0x08000dc0   0x08000dc0   0x00000408   Code   RO          208    .text               stm32f10x_usart.o
    0x080011c8   0x080011c8   0x0000005c   Code   RO          220    .text               beep.o
    0x08001224   0x08001224   0x000000f4   Code   RO          238    .text               delay.o
    0x08001318   0x08001318   0x000001e8   Code   RO          256    .text               usart.o
    0x08001500   0x08001500   0x00000434   Code   RO          278    .text               i2c.o
    0x08001934   0x08001934   0x00000254   Code   RO          296    .text               sht20.o
    0x08001b88   0x08001b88   0x000000c8   Code   RO          319    .text               main.o
    0x08001c50   0x08001c50   0x00000500   Code   RO          345    .text               onenet.o
    0x08002150   0x08002150   0x00000dfc   Code   RO          374    .text               mqttkit.o
    0x08002f4c   0x08002f4c   0x00000338   Code   RO          402    .text               esp8266.o
    0x08003284   0x08003284   0x0000005e   Code   RO          428    .text               c_w.l(h1_alloc.o)
    0x080032e2   0x080032e2   0x0000004e   Code   RO          430    .text               c_w.l(h1_free.o)
    0x08003330   0x08003330   0x00000034   Code   RO          486    .text               c_w.l(c89vsnprintf.o)
    0x08003364   0x08003364   0x0000002c   Code   RO          488    .text               c_w.l(__2sprintf.o)
    0x08003390   0x08003390   0x00000052   Code   RO          494    .text               c_w.l(_printf_str.o)
    0x080033e2   0x080033e2   0x00000002   PAD
    0x080033e4   0x080033e4   0x00000078   Code   RO          496    .text               c_w.l(_printf_dec.o)
    0x0800345c   0x0800345c   0x00000188   Code   RO          515    .text               c_w.l(__printf_flags_ss_wp.o)
    0x080035e4   0x080035e4   0x0000001a   Code   RO          522    .text               c_w.l(atoi.o)
    0x080035fe   0x080035fe   0x00000014   Code   RO          524    .text               c_w.l(strchr.o)
    0x08003612   0x08003612   0x00000024   Code   RO          526    .text               c_w.l(strncat.o)
    0x08003636   0x08003636   0x00000024   Code   RO          528    .text               c_w.l(strstr.o)
    0x0800365a   0x0800365a   0x00000048   Code   RO          530    .text               c_w.l(strcpy.o)
    0x080036a2   0x080036a2   0x0000003e   Code   RO          532    .text               c_w.l(strlen.o)
    0x080036e0   0x080036e0   0x00000018   Code   RO          534    .text               c_w.l(strcat.o)
    0x080036f8   0x080036f8   0x0000008a   Code   RO          536    .text               c_w.l(rt_memcpy_v6.o)
    0x08003782   0x08003782   0x00000044   Code   RO          538    .text               c_w.l(rt_memclr.o)
    0x080037c6   0x080037c6   0x0000004e   Code   RO          540    .text               c_w.l(rt_memclr_w.o)
    0x08003814   0x08003814   0x00000006   Code   RO          542    .text               c_w.l(heapauxi.o)
    0x0800381a   0x0800381a   0x00000002   PAD
    0x0800381c   0x0800381c   0x00000008   Code   RO          580    .text               c_w.l(rt_heap_descriptor_intlibspace.o)
    0x08003824   0x08003824   0x00000008   Code   RO          585    .text               c_w.l(rt_errno_addr_intlibspace.o)
    0x0800382c   0x0800382c   0x00000004   Code   RO          587    .text               c_w.l(hguard.o)
    0x08003830   0x08003830   0x0000008a   Code   RO          589    .text               c_w.l(init_alloc.o)
    0x080038ba   0x080038ba   0x0000000e   Code   RO          593    .text               c_w.l(h1_init.o)
    0x080038c8   0x080038c8   0x0000004e   Code   RO          607    .text               c_w.l(_printf_pad.o)
    0x08003916   0x08003916   0x00000024   Code   RO          609    .text               c_w.l(_printf_truncate.o)
    0x0800393a   0x0800393a   0x000000b2   Code   RO          611    .text               c_w.l(_printf_intcommon.o)
    0x080039ec   0x080039ec   0x00000028   Code   RO          613    .text               c_w.l(_printf_charcount.o)
    0x08003a14   0x08003a14   0x0000041e   Code   RO          615    .text               c_w.l(_printf_fp_dec.o)
    0x08003e32   0x08003e32   0x00000002   PAD
    0x08003e34   0x08003e34   0x00000030   Code   RO          617    .text               c_w.l(_printf_char_common.o)
    0x08003e64   0x08003e64   0x0000000a   Code   RO          619    .text               c_w.l(_sputc.o)
    0x08003e6e   0x08003e6e   0x00000010   Code   RO          621    .text               c_w.l(_snputc.o)
    0x08003e7e   0x08003e7e   0x0000002c   Code   RO          623    .text               c_w.l(_printf_char.o)
    0x08003eaa   0x08003eaa   0x00000002   PAD
    0x08003eac   0x08003eac   0x000000bc   Code   RO          625    .text               c_w.l(_printf_wctomb.o)
    0x08003f68   0x08003f68   0x0000007c   Code   RO          628    .text               c_w.l(_printf_longlong_dec.o)
    0x08003fe4   0x08003fe4   0x00000070   Code   RO          634    .text               c_w.l(_printf_oct_int_ll.o)
    0x08004054   0x08004054   0x00000094   Code   RO          654    .text               c_w.l(_printf_hex_int_ll_ptr.o)
    0x080040e8   0x080040e8   0x00000070   Code   RO          677    .text               c_w.l(strtol.o)
    0x08004158   0x08004158   0x00000064   Code   RO          679    .text               c_w.l(rt_memcpy_w.o)
    0x080041bc   0x080041bc   0x00000008   Code   RO          739    .text               c_w.l(libspace.o)
    0x080041c4   0x080041c4   0x00000010   Code   RO          757    .text               c_w.l(rt_ctype_table.o)
    0x080041d4   0x080041d4   0x00000008   Code   RO          762    .text               c_w.l(rt_locale_intlibspace.o)
    0x080041dc   0x080041dc   0x00000034   Code   RO          768    .text               c_w.l(h1_extend.o)
    0x08004210   0x08004210   0x0000008a   Code   RO          772    .text               c_w.l(lludiv10.o)
    0x0800429a   0x0800429a   0x00000002   PAD
    0x0800429c   0x0800429c   0x00000080   Code   RO          774    .text               c_w.l(_printf_fp_infnan.o)
    0x0800431c   0x0800431c   0x0000002c   Code   RO          778    .text               c_w.l(_printf_wchar.o)
    0x08004348   0x08004348   0x0000009e   Code   RO          780    .text               c_w.l(_strtoul.o)
    0x080043e6   0x080043e6   0x00000002   PAD
    0x080043e8   0x080043e8   0x000000e4   Code   RO          782    .text               c_w.l(bigflt0.o)
    0x080044cc   0x080044cc   0x00000040   Code   RO          807    .text               c_w.l(_wcrtomb.o)
    0x0800450c   0x0800450c   0x0000000e   Code   RO          812    .text               c_w.l(defsig_rtmem_outer.o)
    0x0800451a   0x0800451a   0x00000002   Code   RO          827    .text               c_w.l(use_no_semi.o)
    0x0800451c   0x0800451c   0x00000000   Code   RO          829    .text               c_w.l(indicate_semi.o)
    0x0800451c   0x0800451c   0x0000004a   Code   RO          830    .text               c_w.l(sys_stackheap_outer.o)
    0x08004566   0x08004566   0x0000001c   Code   RO          836    .text               c_w.l(_chval.o)
    0x08004582   0x08004582   0x00000012   Code   RO          841    .text               c_w.l(exit.o)
    0x08004594   0x08004594   0x0000000a   Code   RO          843    .text               c_w.l(defsig_exit.o)
    0x0800459e   0x0800459e   0x00000002   PAD
    0x080045a0   0x080045a0   0x00000050   Code   RO          845    .text               c_w.l(defsig_rtmem_inner.o)
    0x080045f0   0x080045f0   0x00000080   Code   RO          847    .text               c_w.l(strcmpv7m.o)
    0x08004670   0x08004670   0x0000000c   Code   RO          859    .text               c_w.l(sys_exit.o)
    0x0800467c   0x0800467c   0x00000032   Code   RO          869    .text               c_w.l(defsig_general.o)
    0x080046ae   0x080046ae   0x0000000e   Code   RO          889    .text               c_w.l(sys_wrch.o)
    0x080046bc   0x080046bc   0x0000003e   Code   RO          785    CL$$btod_d2e        c_w.l(btod.o)
    0x080046fa   0x080046fa   0x00000046   Code   RO          787    CL$$btod_d2e_denorm_low  c_w.l(btod.o)
    0x08004740   0x08004740   0x00000060   Code   RO          786    CL$$btod_d2e_norm_op1  c_w.l(btod.o)
    0x080047a0   0x080047a0   0x00000338   Code   RO          795    CL$$btod_div_common  c_w.l(btod.o)
    0x08004ad8   0x08004ad8   0x000000dc   Code   RO          792    CL$$btod_e2e        c_w.l(btod.o)
    0x08004bb4   0x08004bb4   0x0000002a   Code   RO          789    CL$$btod_ediv       c_w.l(btod.o)
    0x08004bde   0x08004bde   0x0000002a   Code   RO          788    CL$$btod_emul       c_w.l(btod.o)
    0x08004c08   0x08004c08   0x00000244   Code   RO          794    CL$$btod_mult_common  c_w.l(btod.o)
    0x08004e4c   0x08004e4c   0x00000028   Code   RO          825    i.__ARM_fpclassify  m_ws.l(fpclassify.o)
    0x08004e74   0x08004e74   0x0000000e   Code   RO          508    i._is_digit         c_w.l(__printf_wp.o)
    0x08004e82   0x08004e82   0x00000002   PAD
    0x08004e84   0x08004e84   0x0000002c   Code   RO          810    locale$$code        c_w.l(lc_numeric_c.o)
    0x08004eb0   0x08004eb0   0x0000002c   Code   RO          839    locale$$code        c_w.l(lc_ctype_c.o)
    0x08004edc   0x08004edc   0x00000062   Code   RO          546    x$fpl$d2f           fz_ws.l(d2f.o)
    0x08004f3e   0x08004f3e   0x00000002   PAD
    0x08004f40   0x08004f40   0x00000150   Code   RO          548    x$fpl$dadd          fz_ws.l(daddsub_clz.o)
    0x08005090   0x08005090   0x000002b0   Code   RO          555    x$fpl$ddiv          fz_ws.l(ddiv.o)
    0x08005340   0x08005340   0x00000154   Code   RO          558    x$fpl$dmul          fz_ws.l(dmul.o)
    0x08005494   0x08005494   0x0000009c   Code   RO          728    x$fpl$dnaninf       fz_ws.l(dnaninf.o)
    0x08005530   0x08005530   0x0000000c   Code   RO          730    x$fpl$dretinf       fz_ws.l(dretinf.o)
    0x0800553c   0x0800553c   0x000001d4   Code   RO          550    x$fpl$dsub          fz_ws.l(daddsub_clz.o)
    0x08005710   0x08005710   0x00000056   Code   RO          560    x$fpl$f2d           fz_ws.l(f2d.o)
    0x08005766   0x08005766   0x00000002   PAD
    0x08005768   0x08005768   0x0000003e   Code   RO          562    x$fpl$ffixu         fz_ws.l(ffixu.o)
    0x080057a6   0x080057a6   0x00000002   PAD
    0x080057a8   0x080057a8   0x00000026   Code   RO          566    x$fpl$ffltu         fz_ws.l(fflt_clz.o)
    0x080057ce   0x080057ce   0x0000008c   Code   RO          732    x$fpl$fnaninf       fz_ws.l(fnaninf.o)
    0x0800585a   0x0800585a   0x0000000a   Code   RO          734    x$fpl$fretinf       fz_ws.l(fretinf.o)
    0x08005864   0x08005864   0x00000004   Code   RO          572    x$fpl$printf1       fz_ws.l(printf1.o)
    0x08005868   0x08005868   0x00000000   Code   RO          736    x$fpl$usenofp       fz_ws.l(usenofp.o)
    0x08005868   0x08005868   0x00000011   Data   RO          516    .constdata          c_w.l(__printf_flags_ss_wp.o)
    0x08005879   0x08005879   0x00000003   PAD
    0x0800587c   0x0800587c   0x00000008   Data   RO          626    .constdata          c_w.l(_printf_wctomb.o)
    0x08005884   0x08005884   0x00000028   Data   RO          655    .constdata          c_w.l(_printf_hex_int_ll_ptr.o)
    0x080058ac   0x080058ac   0x00000094   Data   RO          783    .constdata          c_w.l(bigflt0.o)
    0x08005940   0x08005940   0x00000020   Data   RO          919    Region$$Table       anon$$obj.o
    0x08005960   0x08005960   0x0000001c   Data   RO          809    locale$$data        c_w.l(lc_numeric_c.o)
    0x0800597c   0x0800597c   0x00000110   Data   RO          838    locale$$data        c_w.l(lc_ctype_c.o)


    Execution Region RW_IRAM1 (Exec base: 0x20000000, Load base: 0x08005a8c, Size: 0x00000920, Max: 0x00010000, ABSOLUTE)

    Exec Addr    Load Addr    Size         Type   Attr      Idx    E Section Name        Object

    0x20000000   0x08005a8c   0x00000014   Data   RW          120    .data               system_stm32f10x.o
    0x20000014   0x08005aa0   0x00000014   Data   RW          195    .data               stm32f10x_rcc.o
    0x20000028   0x08005ab4   0x00000001   Data   RW          221    .data               beep.o
    0x20000029   0x08005ab5   0x00000001   PAD
    0x2000002a   0x08005ab6   0x00000004   Data   RW          239    .data               delay.o
    0x2000002e   0x08005aba   0x00000002   Data   RW          279    .data               i2c.o
    0x20000030   0x08005abc   0x00000008   Data   RW          298    .data               sht20.o
    0x20000038   0x08005ac4   0x00000004   Data   RW          404    .data               esp8266.o
    0x2000003c        -       0x00000080   Zero   RW          403    .bss                esp8266.o
    0x200000bc        -       0x00000060   Zero   RW          740    .bss                c_w.l(libspace.o)
    0x2000011c   0x08005ac8   0x00000004   PAD
    0x20000120        -       0x00000400   Zero   RW          138    HEAP                startup_stm32f10x_hd.o
    0x20000520        -       0x00000400   Zero   RW          137    STACK               startup_stm32f10x_hd.o


==============================================================================

Image component sizes


      Code (inc. data)   RO Data    RW Data    ZI Data      Debug   Object Name

        92         12          0          1          0       1165   beep.o
         0          0          0          0          0       4548   core_cm3.o
       244         10          0          4          0       1424   delay.o
       824        276          0          4        128       3031   esp8266.o
      1076         32          0          2          0       4517   i2c.o
       200         46          0          0          0        697   main.o
       220         22          0          0          0     206405   misc.o
      3580         42          0          0          0      15111   mqttkit.o
      1280        566          0          0          0       3734   onenet.o
       596         38          0          8          0       3552   sht20.o
        64         26        304          0       2048        796   startup_stm32f10x_hd.o
       860         38          0          0          0       5629   stm32f10x_gpio.o
       308        248          0          0          0      24403   stm32f10x_it.o
       940         44          0         20          0       8776   stm32f10x_rcc.o
      1032         22          0          0          0       8356   stm32f10x_usart.o
       488         46          0         20          0       1707   system_stm32f10x.o
       488         14          0          0          0       2885   usart.o

    ----------------------------------------------------------------------
     12292       1482        336         60       2176     296736   Object Totals
         0          0         32          0          0          0   (incl. Generated)
         0          0          0          1          0          0   (incl. Padding)

    ----------------------------------------------------------------------

      Code (inc. data)   RO Data    RW Data    ZI Data      Debug   Library Member Name

        44          6          0          0          0         84   __2sprintf.o
         8          0          0          0          0         68   __main.o
       392          4         17          0          0         92   __printf_flags_ss_wp.o
        14          0          0          0          0         68   __printf_wp.o
         0          0          0          0          0          0   __rtentry.o
        12          0          0          0          0          0   __rtentry2.o
         6          0          0          0          0          0   __rtentry4.o
        52          8          0          0          0          0   __scatter.o
        26          0          0          0          0          0   __scatter_copy.o
        28          0          0          0          0          0   __scatter_zi.o
        28          0          0          0          0         68   _chval.o
         6          0          0          0          0          0   _printf_a.o
         6          0          0          0          0          0   _printf_c.o
        44          0          0          0          0        108   _printf_char.o
        48          6          0          0          0         96   _printf_char_common.o
        40          0          0          0          0         68   _printf_charcount.o
         6          0          0          0          0          0   _printf_d.o
       120         16          0          0          0         92   _printf_dec.o
         6          0          0          0          0          0   _printf_e.o
         6          0          0          0          0          0   _printf_f.o
      1054          0          0          0          0        216   _printf_fp_dec.o
       128         16          0          0          0         84   _printf_fp_infnan.o
         6          0          0          0          0          0   _printf_g.o
       148          4         40          0          0        160   _printf_hex_int_ll_ptr.o
         6          0          0          0          0          0   _printf_i.o
       178          0          0          0          0         88   _printf_intcommon.o
        10          0          0          0          0          0   _printf_l.o
         6          0          0          0          0          0   _printf_lc.o
        10          0          0          0          0          0   _printf_ll.o
         6          0          0          0          0          0   _printf_lld.o
         6          0          0          0          0          0   _printf_lli.o
         6          0          0          0          0          0   _printf_llo.o
         6          0          0          0          0          0   _printf_llu.o
         6          0          0          0          0          0   _printf_llx.o
       124         16          0          0          0         92   _printf_longlong_dec.o
         6          0          0          0          0          0   _printf_ls.o
         6          0          0          0          0          0   _printf_n.o
         6          0          0          0          0          0   _printf_o.o
       112         10          0          0          0        124   _printf_oct_int_ll.o
         6          0          0          0          0          0   _printf_p.o
        78          0          0          0          0        108   _printf_pad.o
         0          0          0          0          0          0   _printf_percent.o
         4          0          0          0          0          0   _printf_percent_end.o
         6          0          0          0          0          0   _printf_s.o
        82          0          0          0          0         80   _printf_str.o
        36          0          0          0          0         84   _printf_truncate.o
         6          0          0          0          0          0   _printf_u.o
        44          0          0          0          0        108   _printf_wchar.o
       188          6          8          0          0         92   _printf_wctomb.o
         6          0          0          0          0          0   _printf_x.o
        16          0          0          0          0         68   _snputc.o
        10          0          0          0          0         68   _sputc.o
       158          0          0          0          0         92   _strtoul.o
        64          0          0          0          0         92   _wcrtomb.o
        26          0          0          0          0         80   atoi.o
       228          4        148          0          0         96   bigflt0.o
      1936        128          0          0          0        672   btod.o
        52          4          0          0          0         80   c89vsnprintf.o
        10          0          0          0          0         68   defsig_exit.o
        50          0          0          0          0         88   defsig_general.o
        80         58          0          0          0         76   defsig_rtmem_inner.o
        14          0          0          0          0         80   defsig_rtmem_outer.o
        18          0          0          0          0         80   exit.o
        94          0          0          0          0         80   h1_alloc.o
        52          0          0          0          0         68   h1_extend.o
        78          0          0          0          0         80   h1_free.o
        14          0          0          0          0         84   h1_init.o
         6          0          0          0          0        152   heapauxi.o
         4          0          0          0          0        136   hguard.o
         0          0          0          0          0          0   indicate_semi.o
       138          0          0          0          0        168   init_alloc.o
        44         10        272          0          0         76   lc_ctype_c.o
        44         10         28          0          0         76   lc_numeric_c.o
         2          0          0          0          0          0   libinit.o
        38          0          0          0          0          0   libinit2.o
         2          0          0          0          0          0   libshutdown.o
         2          0          0          0          0          0   libshutdown2.o
         8          4          0          0         96         68   libspace.o
       138          0          0          0          0         80   lludiv10.o
         0          0          0          0          0          0   maybetermalloc1.o
        16          4          0          0          0         76   rt_ctype_table.o
         8          4          0          0          0         68   rt_errno_addr_intlibspace.o
         8          4          0          0          0         68   rt_heap_descriptor_intlibspace.o
         8          4          0          0          0         68   rt_locale_intlibspace.o
        68          0          0          0          0         68   rt_memclr.o
        78          0          0          0          0         80   rt_memclr_w.o
       138          0          0          0          0         68   rt_memcpy_v6.o
       100          0          0          0          0         80   rt_memcpy_w.o
         2          0          0          0          0          0   rtexit.o
        10          0          0          0          0          0   rtexit2.o
        24          0          0          0          0         68   strcat.o
        20          0          0          0          0         68   strchr.o
       128          0          0          0          0         68   strcmpv7m.o
        72          0          0          0          0         80   strcpy.o
        62          0          0          0          0         76   strlen.o
        36          0          0          0          0         76   strncat.o
        36          0          0          0          0         80   strstr.o
       112          0          0          0          0         88   strtol.o
        12          4          0          0          0         68   sys_exit.o
        74          0          0          0          0         80   sys_stackheap_outer.o
        14          0          0          0          0         76   sys_wrch.o
         2          0          0          0          0         68   use_no_semi.o
        98          4          0          0          0         92   d2f.o
       804         16          0          0          0        272   daddsub_clz.o
       688        140          0          0          0        208   ddiv.o
       340         12          0          0          0        104   dmul.o
       156          4          0          0          0         92   dnaninf.o
        12          0          0          0          0         68   dretinf.o
        86          4          0          0          0         84   f2d.o
        62          4          0          0          0         84   ffixu.o
        38          0          0          0          0         68   fflt_clz.o
       140          4          0          0          0         84   fnaninf.o
        10          0          0          0          0         68   fretinf.o
         4          0          0          0          0         68   printf1.o
         0          0          0          0          0          0   usenofp.o
        40          0          0          0          0         68   fpclassify.o

    ----------------------------------------------------------------------
     10036        518        516          0        100       7520   Library Totals
        26          0          3          0          4          0   (incl. Padding)

    ----------------------------------------------------------------------

      Code (inc. data)   RO Data    RW Data    ZI Data      Debug   Library Name

      7532        330        513          0         96       6160   c_w.l
      2438        188          0          0          0       1292   fz_ws.l
        40          0          0          0          0         68   m_ws.l

    ----------------------------------------------------------------------
     10036        518        516          0        100       7520   Library Totals

    ----------------------------------------------------------------------

==============================================================================


      Code (inc. data)   RO Data    RW Data    ZI Data      Debug   

     22328       2000        852         60       2276     298688   Grand Totals
     22328       2000        852         60       2276     298688   ELF Image Totals
     22328       2000        852         60          0          0   ROM Totals

==============================================================================

    Total RO  Size (Code + RO Data)                23180 (  22.64kB)
    Total RW  Size (RW Data + ZI Data)              2336 (   2.28kB)
    Total ROM Size (Code + RO Data + RW Data)      23240 (  22.70kB)

==============================================================================

